rst:0xc (SW_CPU_RESET),boot:0x13 (SPI_FAST_FLASH_BOOT)
configsip: 0, SPIWP:0xee
clk_drv:0x00,q_drv:0x00,d_drv:0x00,cs0_drv:0x00,hd_drv:0x00,wp_drv:0x00
mode:DIO, clock div:2
load:0x3fff0040,len:6364
ho 0 tail 12 room 4
load:0x40078000,len:15720
ho 0 tail 12 room 4
load:0x40080400,len:3904
entry 0x4008061c
I (30) boot: ESP-IDF v6.1-dev-6485-g055ba9d3f9c 2nd stage bootloader
I (31) boot: compile time Jul 18 2026 12:33:39
I (31) boot: Multicore bootloader
I (34) boot: chip revision: v1.0
I (37) boot.esp32: SPI Speed      : 40MHz
I (40) boot.esp32: SPI Mode       : DIO
I (44) boot.esp32: SPI Flash Size : 2MB
I (48) boot: Enabling RNG early entropy source...
I (52) boot: Partition Table:
I (55) boot: ## Label            Usage          Type ST Offset   Length
I (61) boot:  0 nvs              WiFi data        01 02 00009000 00006000
I (68) boot:  1 phy_init         RF data          01 01 0000f000 00001000
I (74) boot:  2 factory          factory app      00 00 00010000 00100000
I (81) boot: End of partition table
I (84) esp_image: segment 0: paddr=00010020 vaddr=3f400020 size=06dc4h ( 28100) map
I (102) esp_image: segment 1: paddr=00016dec vaddr=3ffb0000 size=028bch ( 10428) load
I (106) esp_image: segment 2: paddr=000196b0 vaddr=40080000 size=06968h ( 26984) load
I (118) esp_image: segment 3: paddr=00020020 vaddr=400d0020 size=0ae08h ( 44552) map
I (135) esp_image: segment 4: paddr=0002ae30 vaddr=40086968 size=03944h ( 14660) load
I (141) esp_image: segment 5: paddr=0002e77c vaddr=50000000 size=00028h (    40) load
I (147) boot: Loaded app from partition at offset 0x10000
I (147) boot: Disabling RNG early entropy source...
I (161) cpu_start: Multicore app
I (169) cpu_start: GPIO 3 and 1 are used as console UART I/O pins
I (169) cpu_start: Pro cpu start user code
I (169) cpu_start: cpu freq: 160000000 Hz
I (171) app_init: Application information:
I (175) app_init: Project name:     hello_world
I (179) app_init: App version:      1
I (182) app_init: Compile time:     Jul 18 2026 12:33:39
I (187) app_init: ELF file SHA256:  170835c3e...
I (192) app_init: ESP-IDF:          v6.1-dev-6485-g055ba9d3f9c
I (197) efuse_init: Min chip rev:     v0.0
I (201) efuse_init: Max chip rev:     v3.99 
I (205) efuse_init: Chip rev:         v1.0
I (209) heap_init: Initializing. RAM available for dynamic allocation:
I (215) heap_init: At 3FFAE6E0 len 00001920 (6 KiB): DRAM
I (220) heap_init: At 3FFB3298 len 0002CD68 (179 KiB): DRAM
I (226) heap_init: At 3FFE0440 len 00003AE0 (14 KiB): D/IRAM
I (231) heap_init: At 3FFE4350 len 0001BCB0 (111 KiB): D/IRAM
I (236) heap_init: At 4008A2AC len 00015D54 (87 KiB): IRAM
I (243) spi_flash: detected chip: generic
I (245) spi_flash: flash io: dio
W (248) spi_flash: Detected size(4096k) larger than the size in the binary image header(2048k). Using the size in the binary image header.
I (262) main_task: Started on CPU0
I (262) main_task: Calling app_main()
Hello world!
This is esp32 chip with 2 CPU core(s), WiFi/BTBLE, silicon revision v1.0, 2MB external flash
Minimum free heap size: 304316 bytes
Restarting in 10 seconds...